// Jest Snapshot v1, https://goo.gl/fbAQLP

exports[`renders correctly 1`] = `
<View
  style={
    {
      "backgroundColor": "white",
      "flex": 1,
    }
  }
>
  <View
    accessibilityIgnoresInvertColors={true}
    style={
      {
        "flex": 1,
        "justifyContent": "center",
        "resizeMode": "cover",
      }
    }
  >
    <Image
      source={1}
      style={
        [
          {
            "bottom": 0,
            "left": 0,
            "position": "absolute",
            "right": 0,
            "top": 0,
          },
          {
            "height": undefined,
            "width": undefined,
          },
          undefined,
        ]
      }
    />
    <Text
      style={
        {
          "borderColor": "#bdb76b",
          "color": "black",
          "fontSize": 33,
          "fontStyle": "italic",
          "fontWeight": "bold",
          "marginTop": "90%",
          "paddingLeft": 20,
        }
      }
    >
      WELCOME TO EBOOKSTORE
    </Text>
    <View
      accessibilityState={
        {
          "busy": undefined,
          "checked": undefined,
          "disabled": undefined,
          "expanded": undefined,
          "selected": undefined,
        }
      }
      accessibilityValue={
        {
          "max": undefined,
          "min": undefined,
          "now": undefined,
          "text": undefined,
        }
      }
      accessible={true}
      collapsable={false}
      focusable={true}
      onClick={[Function]}
      onResponderGrant={[Function]}
      onResponderMove={[Function]}
      onResponderRelease={[Function]}
      onResponderTerminate={[Function]}
      onResponderTerminationRequest={[Function]}
      onStartShouldSetResponder={[Function]}
      style={
        {
          "borderColor": "#bdb76b",
          "borderRadius": 12,
          "borderWidth": 3,
          "marginLeft": 50,
          "marginTop": 50,
          "opacity": 1,
          "width": 300,
        }
      }
      testID="login-button"
    >
      <View
        style={
          {
            "alignItems": "center",
            "backgroundColor": "white",
            "borderRadius": 12,
            "height": 40,
            "justifyContent": "center",
          }
        }
      >
        <Text
          style={
            {
              "color": "black",
              "fontSize": 19,
              "fontWeight": "bold",
            }
          }
        >
          Login
        </Text>
      </View>
    </View>
    <View
      accessibilityState={
        {
          "busy": undefined,
          "checked": undefined,
          "disabled": undefined,
          "expanded": undefined,
          "selected": undefined,
        }
      }
      accessibilityValue={
        {
          "max": undefined,
          "min": undefined,
          "now": undefined,
          "text": undefined,
        }
      }
      accessible={true}
      collapsable={false}
      focusable={true}
      onClick={[Function]}
      onResponderGrant={[Function]}
      onResponderMove={[Function]}
      onResponderRelease={[Function]}
      onResponderTerminate={[Function]}
      onResponderTerminationRequest={[Function]}
      onStartShouldSetResponder={[Function]}
      style={
        {
          "borderColor": "#bdb76b",
          "borderRadius": 12,
          "borderWidth": 3,
          "marginLeft": 50,
          "marginTop": 10,
          "opacity": 1,
          "width": 300,
        }
      }
      testID="signup-button"
    >
      <View
        style={
          {
            "alignItems": "center",
            "backgroundColor": "white",
            "borderColor": "#bdb76b",
            "borderRadius": 12,
            "height": 40,
            "justifyContent": "center",
          }
        }
      >
        <Text
          style={
            {
              "color": "black",
              "fontSize": 19,
              "fontWeight": "bold",
            }
          }
        >
          Sign up
        </Text>
      </View>
    </View>
  </View>
</View>
`;
